SQL> DELETE FROM EMP_SKILL WHERE EMPNO = 100;

2 rows deleted.

SQL> DELETE FROM WORK_EXP WHERE EMPNO = 100;
DELETE FROM WORK_EXP WHERE EMPNO = 100
                           *
ERROR at line 1:
ORA-00904: "EMPNO": invalid identifier


SQL> DELETE FROM WORK_EXP WHERE EMPCODE = 100;

2 rows deleted.

SQL> DELETE FROM PRJ_DETAILS WHERE LEAD_BY_EMPCODE = 100;

0 rows deleted.

SQL> DELETE FROM MEDICAL_POLICY WHERE EMPNO = 100;

2 rows deleted.

SQL> DELETE FROM FAMIY_DEPENDENTS WHERE EMPNO = 100;
DELETE FROM FAMIY_DEPENDENTS WHERE EMPNO = 100
            *
ERROR at line 1:
ORA-00942: table or view does not exist


SQL> DELETE FROM FAMILY_DEPENDENTS WHERE EMPNO = 100;

2 rows deleted.

SQL> DELETE FROM PAY_CHECK WHERE EMPCODE = 100;

2 rows deleted.

SQL> DELETE FROM EMP WHERE EMPCODE = 100;

1 row deleted.

SQL>SQL> COMMIT;